C:\Users\uie71799\Documents\MCUXpressoIDE_11.6.0_8187\workspace\frdmk64f_lwip_mqtt_freertos\CMSIS/core_cm4.h:1679:22:__NVIC_EnableIRQ	16	static
C:\Users\uie71799\Documents\MCUXpressoIDE_11.6.0_8187\workspace\frdmk64f_lwip_mqtt_freertos\drivers/fsl_common_arm.h:499:24:EnableIRQ	24	static
C:\Users\uie71799\Documents\MCUXpressoIDE_11.6.0_8187\workspace\frdmk64f_lwip_mqtt_freertos\drivers/fsl_gpio.h:221:20:GPIO_PortToggle	16	static
C:\Users\uie71799\Documents\MCUXpressoIDE_11.6.0_8187\workspace\frdmk64f_lwip_mqtt_freertos\drivers/fsl_port.h:443:20:PORT_SetPinInterruptConfig	24	static
../source/dog_feeder.c:152:6:PORTA_IRQHandler	8	static
../source/dog_feeder.c:162:13:init_button_and_led	16	static
../source/dog_feeder.c:191:13:mqtt_topic_subscribed_cb	24	static
../source/dog_feeder.c:208:13:mqtt_incoming_publish_cb	72	static
../source/dog_feeder.c:240:13:mqtt_incoming_data_cb	32	static
../source/dog_feeder.c:268:13:mqtt_subscribe_topics	72	static
../source/dog_feeder.c:290:13:mqtt_connection_cb	32	static
../source/dog_feeder.c:336:13:connect_to_mqtt	24	static
../source/dog_feeder.c:349:13:mqtt_message_published_cb	24	static
../source/dog_feeder.c:366:13:publish_count	120	static
../source/dog_feeder.c:383:13:app_thread	32	static
../source/dog_feeder.c:475:13:generate_client_id	32	static
../source/dog_feeder.c:497:13:stack_init	56	static
../source/dog_feeder.c:550:5:main	24	static
