C:\Users\uie71799\Documents\MCUXpressoIDE_11.6.0_8187\workspace\frdmk64f_lwip_mqtt_freertos\CMSIS/core_cm4.h:1679:22:__NVIC_EnableIRQ	16	static
C:\Users\uie71799\Documents\MCUXpressoIDE_11.6.0_8187\workspace\frdmk64f_lwip_mqtt_freertos\drivers/fsl_common_arm.h:499:24:EnableIRQ	24	static
C:\Users\uie71799\Documents\MCUXpressoIDE_11.6.0_8187\workspace\frdmk64f_lwip_mqtt_freertos\drivers/fsl_gpio.h:191:20:GPIO_PortSet	16	static
C:\Users\uie71799\Documents\MCUXpressoIDE_11.6.0_8187\workspace\frdmk64f_lwip_mqtt_freertos\drivers/fsl_gpio.h:206:20:GPIO_PortClear	16	static
C:\Users\uie71799\Documents\MCUXpressoIDE_11.6.0_8187\workspace\frdmk64f_lwip_mqtt_freertos\drivers/fsl_port.h:443:20:PORT_SetPinInterruptConfig	24	static
../source/water_purifier.c:162:6:PORTA_IRQHandler	8	static
../source/water_purifier.c:172:13:init_button_and_led	16	static
../source/water_purifier.c:202:13:mqtt_topic_subscribed_cb	24	static
../source/water_purifier.c:219:13:mqtt_incoming_publish_cb	72	static
../source/water_purifier.c:258:13:mqtt_incoming_data_cb	32	static
../source/water_purifier.c:286:13:mqtt_subscribe_topics	72	static
../source/water_purifier.c:307:13:mqtt_connection_cb	32	static
../source/water_purifier.c:353:13:connect_to_mqtt	24	static
../source/water_purifier.c:366:13:mqtt_message_published_cb	24	static
../source/water_purifier.c:383:13:publish_water_level	120	static
../source/water_purifier.c:400:13:publish_money_counter	120	static
../source/water_purifier.c:416:13:publish_problem_ocurred	120	static
../source/water_purifier.c:430:13:water_purifier_app	16	static
../source/water_purifier.c:463:6:init_seed_timer	8	static
../source/water_purifier.c:471:13:app_thread	24	static
../source/water_purifier.c:560:13:generate_client_id	32	static
../source/water_purifier.c:582:13:stack_init	56	static
../source/water_purifier.c:635:5:main	24	static
