C:\Users\uie71799\Documents\MCUXpressoIDE_11.6.0_8187\workspace\frdmk64f_lwip_mqtt_freertos\CMSIS/core_cm4.h:1679:22:__NVIC_EnableIRQ	16	static
C:\Users\uie71799\Documents\MCUXpressoIDE_11.6.0_8187\workspace\frdmk64f_lwip_mqtt_freertos\drivers/fsl_common_arm.h:499:24:EnableIRQ	24	static
C:\Users\uie71799\Documents\MCUXpressoIDE_11.6.0_8187\workspace\frdmk64f_lwip_mqtt_freertos\drivers/fsl_gpio.h:191:20:GPIO_PortSet	16	static
C:\Users\uie71799\Documents\MCUXpressoIDE_11.6.0_8187\workspace\frdmk64f_lwip_mqtt_freertos\drivers/fsl_gpio.h:206:20:GPIO_PortClear	16	static
C:\Users\uie71799\Documents\MCUXpressoIDE_11.6.0_8187\workspace\frdmk64f_lwip_mqtt_freertos\drivers/fsl_port.h:443:20:PORT_SetPinInterruptConfig	24	static
../source/water_purifier.c:166:6:PORTA_IRQHandler	8	static
../source/water_purifier.c:176:13:init_button_and_led	16	static
../source/water_purifier.c:206:13:mqtt_topic_subscribed_cb	24	static
../source/water_purifier.c:223:13:mqtt_incoming_publish_cb	72	static
../source/water_purifier.c:275:13:mqtt_incoming_data_cb	32	static
../source/water_purifier.c:303:13:mqtt_subscribe_topics	72	static
../source/water_purifier.c:319:13:mqtt_connection_cb	32	static
../source/water_purifier.c:365:13:connect_to_mqtt	24	static
../source/water_purifier.c:378:13:mqtt_message_published_cb	24	static
../source/water_purifier.c:395:13:publish_water_level	120	static
../source/water_purifier.c:412:13:publish_money_counter	120	static
../source/water_purifier.c:428:13:publish_problem_occurred	120	static
../source/water_purifier.c:444:13:publish_empty_f	120	static
../source/water_purifier.c:459:13:water_purifier_app	16	static
../source/water_purifier.c:507:6:init_seed_timer	8	static
../source/water_purifier.c:515:13:app_thread	24	static
../source/water_purifier.c:612:13:generate_client_id	32	static
../source/water_purifier.c:634:13:stack_init	56	static
../source/water_purifier.c:687:5:main	24	static
